Archive member included to satisfy reference by file (symbol)

d:/program files (x86)/truestudio for stm32 9.0.1/armtools/bin/../lib/gcc/arm-atollic-eabi/6.3.1/../../../../arm-atollic-eabi/lib/armv7e-m/fpu\libc_nano.a(lib_a-init.o)
                              startup\startup_stm32f446xx.o (__libc_init_array)
d:/program files (x86)/truestudio for stm32 9.0.1/armtools/bin/../lib/gcc/arm-atollic-eabi/6.3.1/armv7e-m/fpu\libgcc.a(_aeabi_uldivmod.o)
                              Drivers\STM32F4xx_HAL_Driver\Src\stm32f4xx_hal_rcc.o (__aeabi_uldivmod)
d:/program files (x86)/truestudio for stm32 9.0.1/armtools/bin/../lib/gcc/arm-atollic-eabi/6.3.1/armv7e-m/fpu\libgcc.a(_udivmoddi4.o)
                              d:/program files (x86)/truestudio for stm32 9.0.1/armtools/bin/../lib/gcc/arm-atollic-eabi/6.3.1/armv7e-m/fpu\libgcc.a(_aeabi_uldivmod.o) (__udivmoddi4)
d:/program files (x86)/truestudio for stm32 9.0.1/armtools/bin/../lib/gcc/arm-atollic-eabi/6.3.1/armv7e-m/fpu\libgcc.a(_dvmd_tls.o)
                              d:/program files (x86)/truestudio for stm32 9.0.1/armtools/bin/../lib/gcc/arm-atollic-eabi/6.3.1/armv7e-m/fpu\libgcc.a(_aeabi_uldivmod.o) (__aeabi_ldiv0)

Allocating common symbols
Common symbol       size              file

htim4               0x3c              Src\main.o
sMasterConfig       0x8               Src\main.o
uwTick              0x4               Drivers\STM32F4xx_HAL_Driver\Src\stm32f4xx_hal.o
pFlash              0x20              Drivers\STM32F4xx_HAL_Driver\Src\stm32f4xx_hal_flash.o
htim3               0x3c              Src\main.o
sConfigOC           0x1c              Src\main.o
htim1               0x3c              Src\main.o
hspi1               0x58              Src\main.o
htim2               0x3c              Src\main.o
huart2              0x40              Src\main.o

Discarded input sections

 .text          0x00000000        0x0 d:/program files (x86)/truestudio for stm32 9.0.1/armtools/bin/../lib/gcc/arm-atollic-eabi/6.3.1/armv7e-m/fpu/crti.o
 .data          0x00000000        0x0 d:/program files (x86)/truestudio for stm32 9.0.1/armtools/bin/../lib/gcc/arm-atollic-eabi/6.3.1/armv7e-m/fpu/crti.o
 .bss           0x00000000        0x0 d:/program files (x86)/truestudio for stm32 9.0.1/armtools/bin/../lib/gcc/arm-atollic-eabi/6.3.1/armv7e-m/fpu/crti.o
 .data          0x00000000        0x4 d:/program files (x86)/truestudio for stm32 9.0.1/armtools/bin/../lib/gcc/arm-atollic-eabi/6.3.1/armv7e-m/fpu/crtbegin.o
 .text          0x00000000        0x0 Drivers\STM32F4xx_HAL_Driver\Src\stm32f4xx_hal.o
 .data          0x00000000        0x0 Drivers\STM32F4xx_HAL_Driver\Src\stm32f4xx_hal.o
 .bss           0x00000000        0x0 Drivers\STM32F4xx_HAL_Driver\Src\stm32f4xx_hal.o
 .text.HAL_MspInit
                0x00000000        0x2 Drivers\STM32F4xx_HAL_Driver\Src\stm32f4xx_hal.o
 .text.HAL_MspDeInit
                0x00000000        0x2 Drivers\STM32F4xx_HAL_Driver\Src\stm32f4xx_hal.o
 .text.HAL_DeInit
                0x00000000       0x2c Drivers\STM32F4xx_HAL_Driver\Src\stm32f4xx_hal.o
 .text.HAL_GetTickPrio
                0x00000000        0xc Drivers\STM32F4xx_HAL_Driver\Src\stm32f4xx_hal.o
 .text.HAL_SetTickFreq
                0x00000000       0x24 Drivers\STM32F4xx_HAL_Driver\Src\stm32f4xx_hal.o
 .text.HAL_GetTickFreq
                0x00000000        0xc Drivers\STM32F4xx_HAL_Driver\Src\stm32f4xx_hal.o
 .text.HAL_Delay
                0x00000000       0x28 Drivers\STM32F4xx_HAL_Driver\Src\stm32f4xx_hal.o
 .text.HAL_SuspendTick
                0x00000000       0x10 Drivers\STM32F4xx_HAL_Driver\Src\stm32f4xx_hal.o
 .text.HAL_ResumeTick
                0x00000000       0x10 Drivers\STM32F4xx_HAL_Driver\Src\stm32f4xx_hal.o
 .text.HAL_GetHalVersion
                0x00000000        0x8 Drivers\STM32F4xx_HAL_Driver\Src\stm32f4xx_hal.o
 .text.HAL_GetREVID
                0x00000000        0xc Drivers\STM32F4xx_HAL_Driver\Src\stm32f4xx_hal.o
 .text.HAL_GetDEVID
                0x00000000       0x10 Drivers\STM32F4xx_HAL_Driver\Src\stm32f4xx_hal.o
 .text.HAL_DBGMCU_EnableDBGSleepMode
                0x00000000       0x10 Drivers\STM32F4xx_HAL_Driver\Src\stm32f4xx_hal.o
 .text.HAL_DBGMCU_DisableDBGSleepMode
                0x00000000       0x10 Drivers\STM32F4xx_HAL_Driver\Src\stm32f4xx_hal.o
 .text.HAL_DBGMCU_EnableDBGStopMode
                0x00000000       0x10 Drivers\STM32F4xx_HAL_Driver\Src\stm32f4xx_hal.o
 .text.HAL_DBGMCU_DisableDBGStopMode
                0x00000000       0x10 Drivers\STM32F4xx_HAL_Driver\Src\stm32f4xx_hal.o
 .text.HAL_DBGMCU_EnableDBGStandbyMode
                0x00000000       0x10 Drivers\STM32F4xx_HAL_Driver\Src\stm32f4xx_hal.o
 .text.HAL_DBGMCU_DisableDBGStandbyMode
                0x00000000       0x10 Drivers\STM32F4xx_HAL_Driver\Src\stm32f4xx_hal.o
 .text.HAL_EnableCompensationCell
                0x00000000        0xc Drivers\STM32F4xx_HAL_Driver\Src\stm32f4xx_hal.o
[...]
Memory Configuration

Name             Origin             Length             Attributes
RAM              0x20000000         0x00020000         xrw
FLASH            0x08000000         0x00080000         xr
*default*        0x00000000         0xffffffff

Linker script and memory map

LOAD d:/program files (x86)/truestudio for stm32 9.0.1/armtools/bin/../lib/gcc/arm-atollic-eabi/6.3.1/armv7e-m/fpu/crti.o
LOAD d:/program files (x86)/truestudio for stm32 9.0.1/armtools/bin/../lib/gcc/arm-atollic-eabi/6.3.1/armv7e-m/fpu/crtbegin.o
LOAD Drivers\STM32F4xx_HAL_Driver\Src\stm32f4xx_hal.o
LOAD Drivers\STM32F4xx_HAL_Driver\Src\stm32f4xx_hal_cortex.o
LOAD Drivers\STM32F4xx_HAL_Driver\Src\stm32f4xx_hal_dma.o
LOAD Drivers\STM32F4xx_HAL_Driver\Src\stm32f4xx_hal_dma_ex.o
LOAD Drivers\STM32F4xx_HAL_Driver\Src\stm32f4xx_hal_flash.o
LOAD Drivers\STM32F4xx_HAL_Driver\Src\stm32f4xx_hal_flash_ex.o
LOAD Drivers\STM32F4xx_HAL_Driver\Src\stm32f4xx_hal_flash_ramfunc.o
LOAD Drivers\STM32F4xx_HAL_Driver\Src\stm32f4xx_hal_gpio.o
LOAD Drivers\STM32F4xx_HAL_Driver\Src\stm32f4xx_hal_pwr.o
LOAD Drivers\STM32F4xx_HAL_Driver\Src\stm32f4xx_hal_pwr_ex.o
LOAD Drivers\STM32F4xx_HAL_Driver\Src\stm32f4xx_hal_rcc.o
LOAD Drivers\STM32F4xx_HAL_Driver\Src\stm32f4xx_hal_rcc_ex.o
LOAD Drivers\STM32F4xx_HAL_Driver\Src\stm32f4xx_hal_spi.o
LOAD Drivers\STM32F4xx_HAL_Driver\Src\stm32f4xx_hal_tim.o
LOAD Drivers\STM32F4xx_HAL_Driver\Src\stm32f4xx_hal_tim_ex.o
LOAD Drivers\STM32F4xx_HAL_Driver\Src\stm32f4xx_hal_uart.o
LOAD Src\main.o
LOAD Src\stm32f4xx_hal_msp.o
LOAD Src\stm32f4xx_it.o
LOAD Src\system_stm32f4xx.o
LOAD startup\startup_stm32f446xx.o
                0x00000080                malloc_getpagesize_P = 0x80
START GROUP
LOAD d:/program files (x86)/truestudio for stm32 9.0.1/armtools/bin/../lib/gcc/arm-atollic-eabi/6.3.1/../../../../arm-atollic-eabi/lib/armv7e-m/fpu\libc_nano.a
LOAD d:/program files (x86)/truestudio for stm32 9.0.1/armtools/bin/../lib/gcc/arm-atollic-eabi/6.3.1/../../../../arm-atollic-eabi/lib/armv7e-m/fpu\libm.a
END GROUP
START GROUP
LOAD d:/program files (x86)/truestudio for stm32 9.0.1/armtools/bin/../lib/gcc/arm-atollic-eabi/6.3.1/armv7e-m/fpu\libgcc.a
LOAD d:/program files (x86)/truestudio for stm32 9.0.1/armtools/bin/../lib/gcc/arm-atollic-eabi/6.3.1/../../../../arm-atollic-eabi/lib/armv7e-m/fpu\libc_nano.a
END GROUP
START GROUP
LOAD d:/program files (x86)/truestudio for stm32 9.0.1/armtools/bin/../lib/gcc/arm-atollic-eabi/6.3.1/armv7e-m/fpu\libgcc.a
LOAD d:/program files (x86)/truestudio for stm32 9.0.1/armtools/bin/../lib/gcc/arm-atollic-eabi/6.3.1/../../../../arm-atollic-eabi/lib/armv7e-m/fpu\libc_nano.a
LOAD d:/program files (x86)/truestudio for stm32 9.0.1/armtools/bin/../lib/gcc/arm-atollic-eabi/6.3.1/../../../../arm-atollic-eabi/lib/armv7e-m/fpu\libnosys.a
END GROUP
START GROUP
LOAD d:/program files (x86)/truestudio for stm32 9.0.1/armtools/bin/../lib/gcc/arm-atollic-eabi/6.3.1/armv7e-m/fpu\libgcc.a
LOAD d:/program files (x86)/truestudio for stm32 9.0.1/armtools/bin/../lib/gcc/arm-atollic-eabi/6.3.1/../../../../arm-atollic-eabi/lib/armv7e-m/fpu\libc_nano.a
LOAD d:/program files (x86)/truestudio for stm32 9.0.1/armtools/bin/../lib/gcc/arm-atollic-eabi/6.3.1/../../../../arm-atollic-eabi/lib/armv7e-m/fpu\libnosys.a
END GROUP
LOAD d:/program files (x86)/truestudio for stm32 9.0.1/armtools/bin/../lib/gcc/arm-atollic-eabi/6.3.1/armv7e-m/fpu/crtend.o
LOAD d:/program files (x86)/truestudio for stm32 9.0.1/armtools/bin/../lib/gcc/arm-atollic-eabi/6.3.1/armv7e-m/fpu/crtn.o
                0x20020000                _estack = 0x20020000
                0x00000200                _Min_Heap_Size = 0x200
                0x00000400                _Min_Stack_Size = 0x400

.isr_vector     0x08000000      0x1c4
                0x08000000                . = ALIGN (0x4)
 *(.isr_vector)
 .isr_vector    0x08000000      0x1c4 startup\startup_stm32f446xx.o
                0x08000000                g_pfnVectors
                0x080001c4                . = ALIGN (0x4)

.text           0x080001c4     0x1b10
                0x080001c4                . = ALIGN (0x4)
 *(.text)
 .text          0x080001c4       0x40 d:/program files (x86)/truestudio for stm32 9.0.1/armtools/bin/../lib/gcc/arm-atollic-eabi/6.3.1/armv7e-m/fpu/crtbegin.o
 .text          0x08000204       0x30 d:/program files (x86)/truestudio for stm32 9.0.1/armtools/bin/../lib/gcc/arm-atollic-eabi/6.3.1/armv7e-m/fpu\libgcc.a(_aeabi_uldivmod.o)
                0x08000204                __aeabi_uldivmod
 .text          0x08000234      0x2dc d:/program files (x86)/truestudio for stm32 9.0.1/armtools/bin/../lib/gcc/arm-atollic-eabi/6.3.1/armv7e-m/fpu\libgcc.a(_udivmoddi4.o)
                0x08000234                __udivmoddi4
 .text          0x08000510        0x4 d:/program files (x86)/truestudio for stm32 9.0.1/armtools/bin/../lib/gcc/arm-atollic-eabi/6.3.1/armv7e-m/fpu\libgcc.a(_dvmd_tls.o)
                0x08000510                __aeabi_idiv0
                0x08000510                __aeabi_ldiv0
 *(.text*)
 .text.HAL_InitTick
                0x08000514       0x48 Drivers\STM32F4xx_HAL_Driver\Src\stm32f4xx_hal.o
                0x08000514                HAL_InitTick
 .text.HAL_Init
                0x0800055c       0x34 Drivers\STM32F4xx_HAL_Driver\Src\stm32f4xx_hal.o
                0x0800055c                HAL_Init
 .text.HAL_IncTick
                0x08000590       0x18 Drivers\STM32F4xx_HAL_Driver\Src\stm32f4xx_hal.o
                0x08000590                HAL_IncTick
 .text.HAL_GetTick
                0x080005a8        0xc Drivers\STM32F4xx_HAL_Driver\Src\stm32f4xx_hal.o
                0x080005a8                HAL_GetTick
 .text.HAL_NVIC_SetPriorityGrouping
                0x080005b4       0x24 Drivers\STM32F4xx_HAL_Driver\Src\stm32f4xx_hal_cortex.o
                0x080005b4                HAL_NVIC_SetPriorityGrouping
 .text.HAL_NVIC_SetPriority
                0x080005d8       0x68 Drivers\STM32F4xx_HAL_Driver\Src\stm32f4xx_hal_cortex.o
                0x080005d8                HAL_NVIC_SetPriority
 .text.HAL_SYSTICK_Config
                0x08000640       0x2c Drivers\STM32F4xx_HAL_Driver\Src\stm32f4xx_hal_cortex.o
                0x08000640                HAL_SYSTICK_Config
 .text.HAL_SYSTICK_CLKSourceConfig
                0x0800066c       0x18 Drivers\STM32F4xx_HAL_Driver\Src\stm32f4xx_hal_cortex.o
                0x0800066c                HAL_SYSTICK_CLKSourceConfig
 .text.HAL_SYSTICK_Callback
                0x08000684        0x2 Drivers\STM32F4xx_HAL_Driver\Src\stm32f4xx_hal_cortex.o
                0x08000684                HAL_SYSTICK_Callback
 .text.HAL_SYSTICK_IRQHandler
                0x08000686        0x8 Drivers\STM32F4xx_HAL_Driver\Src\stm32f4xx_hal_cortex.o
                0x08000686                HAL_SYSTICK_IRQHandler
 *fill*         0x0800068e        0x2 
 .text.HAL_GPIO_Init
                0x08000690      0x1b4 Drivers\STM32F4xx_HAL_Driver\Src\stm32f4xx_hal_gpio.o
                0x08000690                HAL_GPIO_Init
 .text.HAL_GPIO_ReadPin
                0x08000844        0xc Drivers\STM32F4xx_HAL_Driver\Src\stm32f4xx_hal_gpio.o
                0x08000844                HAL_GPIO_ReadPin
 .text.HAL_GPIO_WritePin
                0x08000850        0xa Drivers\STM32F4xx_HAL_Driver\Src\stm32f4xx_hal_gpio.o
                0x08000850                HAL_GPIO_WritePin
 *fill*         0x0800085a        0x2 
 .text.HAL_RCC_ClockConfig
                0x0800085c      0x134 Drivers\STM32F4xx_HAL_Driver\Src\stm32f4xx_hal_rcc.o
                0x0800085c                HAL_RCC_ClockConfig
 .text.HAL_RCC_GetHCLKFreq
                0x08000990        0xc Drivers\STM32F4xx_HAL_Driver\Src\stm32f4xx_hal_rcc.o
                0x08000990                HAL_RCC_GetHCLKFreq
 .text.HAL_RCC_GetPCLK1Freq
                0x0800099c       0x20 Drivers\STM32F4xx_HAL_Driver\Src\stm32f4xx_hal_rcc.o
                0x0800099c                HAL_RCC_GetPCLK1Freq
 .text.HAL_RCC_GetPCLK2Freq
                0x080009bc       0x20 Drivers\STM32F4xx_HAL_Driver\Src\stm32f4xx_hal_rcc.o
                0x080009bc                HAL_RCC_GetPCLK2Freq
 .text.HAL_RCC_GetSysClockFreq
                0x080009dc       0x90 Drivers\STM32F4xx_HAL_Driver\Src\stm32f4xx_hal_rcc_ex.o
                0x080009dc                HAL_RCC_GetSysClockFreq
 .text.HAL_RCC_OscConfig
                0x08000a6c      0x334 Drivers\STM32F4xx_HAL_Driver\Src\stm32f4xx_hal_rcc_ex.o
                0x08000a6c                HAL_RCC_OscConfig
 .text.HAL_SPI_Init
                0x08000da0       0x7a Drivers\STM32F4xx_HAL_Driver\Src\stm32f4xx_hal_spi.o
                0x08000da0                HAL_SPI_Init
 *fill*         0x08000e1a        0x2 
 .text.TIM_OC1_SetConfig
                0x08000e1c       0x58 Drivers\STM32F4xx_HAL_Driver\Src\stm32f4xx_hal_tim.o
 .text.TIM_OC3_SetConfig
                0x08000e74       0x60 Drivers\STM32F4xx_HAL_Driver\Src\stm32f4xx_hal_tim.o
 .text.TIM_OC4_SetConfig
                0x08000ed4       0x50 Drivers\STM32F4xx_HAL_Driver\Src\stm32f4xx_hal_tim.o
 .text.TIM_Base_SetConfig
                0x08000f24       0xc8 Drivers\STM32F4xx_HAL_Driver\Src\stm32f4xx_hal_tim.o
                0x08000f24                TIM_Base_SetConfig
 .text.HAL_TIM_PWM_Init
                0x08000fec       0x34 Drivers\STM32F4xx_HAL_Driver\Src\stm32f4xx_hal_tim.o
                0x08000fec                HAL_TIM_PWM_Init
 .text.TIM_OC2_SetConfig
                0x08001020       0x60 Drivers\STM32F4xx_HAL_Driver\Src\stm32f4xx_hal_tim.o
                0x08001020                TIM_OC2_SetConfig
 .text.HAL_TIM_PWM_ConfigChannel
                0x08001080       0xc4 Drivers\STM32F4xx_HAL_Driver\Src\stm32f4xx_hal_tim.o
                0x08001080                HAL_TIM_PWM_ConfigChannel
 .text.TIM_CCxChannelCmd
                0x08001144       0x18 Drivers\STM32F4xx_HAL_Driver\Src\stm32f4xx_hal_tim.o
                0x08001144                TIM_CCxChannelCmd
 .text.HAL_TIM_PWM_Start
                0x0800115c       0x34 Drivers\STM32F4xx_HAL_Driver\Src\stm32f4xx_hal_tim.o
                0x0800115c                HAL_TIM_PWM_Start
 .text.HAL_TIMEx_MasterConfigSynchronization
                0x08001190       0x44 Drivers\STM32F4xx_HAL_Driver\Src\stm32f4xx_hal_tim_ex.o
                0x08001190                HAL_TIMEx_MasterConfigSynchronization
 .text.HAL_TIMEx_ConfigBreakDeadTime
                0x080011d4       0x4c Drivers\STM32F4xx_HAL_Driver\Src\stm32f4xx_hal_tim_ex.o
                0x080011d4                HAL_TIMEx_ConfigBreakDeadTime
 .text.UART_SetConfig
                0x08001220      0x234 Drivers\STM32F4xx_HAL_Driver\Src\stm32f4xx_hal_uart.o
 .text.HAL_UART_Init
                0x08001454       0x5c Drivers\STM32F4xx_HAL_Driver\Src\stm32f4xx_hal_uart.o
                0x08001454                HAL_UART_Init
 .text.SystemClock_Config
                0x080014b0       0xac Src\main.o
                0x080014b0                SystemClock_Config
 .text.startup.main
                0x0800155c      0x3d0 Src\main.o
                0x0800155c                main
 .text.HAL_MspInit
                0x0800192c       0x90 Src\stm32f4xx_hal_msp.o
                0x0800192c                HAL_MspInit
 .text.HAL_SPI_MspInit
                0x080019bc       0x4c Src\stm32f4xx_hal_msp.o
                0x080019bc                HAL_SPI_MspInit
 .text.HAL_TIM_PWM_MspInit
                0x08001a08       0x98 Src\stm32f4xx_hal_msp.o
                0x08001a08                HAL_TIM_PWM_MspInit
 .text.HAL_TIM_MspPostInit
                0x08001aa0       0xc4 Src\stm32f4xx_hal_msp.o
                0x08001aa0                HAL_TIM_MspPostInit
 .text.HAL_UART_MspInit
                0x08001b64       0x50 Src\stm32f4xx_hal_msp.o
                0x08001b64                HAL_UART_MspInit
 .text.NMI_Handler
                0x08001bb4        0x2 Src\stm32f4xx_it.o
                0x08001bb4                NMI_Handler
 .text.HardFault_Handler
                0x08001bb6        0x2 Src\stm32f4xx_it.o
                0x08001bb6                HardFault_Handler
 .text.MemManage_Handler
                0x08001bb8        0x2 Src\stm32f4xx_it.o
                0x08001bb8                MemManage_Handler
 .text.BusFault_Handler
                0x08001bba        0x2 Src\stm32f4xx_it.o
                0x08001bba                BusFault_Handler
 .text.UsageFault_Handler
                0x08001bbc        0x2 Src\stm32f4xx_it.o
                0x08001bbc                UsageFault_Handler
 .text.SVC_Handler
                0x08001bbe        0x2 Src\stm32f4xx_it.o
                0x08001bbe                SVC_Handler
 .text.DebugMon_Handler
                0x08001bc0        0x2 Src\stm32f4xx_it.o
                0x08001bc0                DebugMon_Handler
 .text.PendSV_Handler
                0x08001bc2        0x2 Src\stm32f4xx_it.o
                0x08001bc2                PendSV_Handler
 .text.SysTick_Handler
                0x08001bc4        0xe Src\stm32f4xx_it.o
                0x08001bc4                SysTick_Handler
 *fill*         0x08001bd2        0x2 
 .text.SystemInit
                0x08001bd4       0x4c Src\system_stm32f4xx.o
                0x08001bd4                SystemInit
 .text.Reset_Handler
                0x08001c20       0x50 startup\startup_stm32f446xx.o
                0x08001c20                Reset_Handler
 .text.Default_Handler
                0x08001c70        0x2 startup\startup_stm32f446xx.o
                0x08001c70                RTC_Alarm_IRQHandler
                0x08001c70                EXTI2_IRQHandler
                0x08001c70                TIM8_CC_IRQHandler
                0x08001c70                SPI4_IRQHandler
                0x08001c70                TIM1_CC_IRQHandler
                0x08001c70                DMA2_Stream5_IRQHandler
                0x08001c70                DMA1_Stream5_IRQHandler
                0x08001c70                PVD_IRQHandler
                0x08001c70                SDIO_IRQHandler
                0x08001c70                TAMP_STAMP_IRQHandler
                0x08001c70                CAN2_RX1_IRQHandler
                0x08001c70                EXTI3_IRQHandler
                0x08001c70                TIM8_TRG_COM_TIM14_IRQHandler
                0x08001c70                TIM1_UP_TIM10_IRQHandler
                0x08001c70                TIM8_UP_TIM13_IRQHandler
                0x08001c70                I2C3_ER_IRQHandler
                0x08001c70                FMPI2C1_Event_IRQHandler
                0x08001c70                EXTI0_IRQHandler
                0x08001c70                I2C2_EV_IRQHandler
                0x08001c70                DMA1_Stream2_IRQHandler
                0x08001c70                CAN1_RX0_IRQHandler
                0x08001c70                FPU_IRQHandler
                0x08001c70                OTG_HS_WKUP_IRQHandler
                0x08001c70                CAN2_SCE_IRQHandler
                0x08001c70                DMA2_Stream2_IRQHandler
                0x08001c70                SPI1_IRQHandler
                0x08001c70                TIM6_DAC_IRQHandler
                0x08001c70                TIM1_BRK_TIM9_IRQHandler
                0x08001c70                DCMI_IRQHandler
                0x08001c70                CAN2_RX0_IRQHandler
                0x08001c70                DMA2_Stream3_IRQHandler
                0x08001c70                SAI2_IRQHandler
                0x08001c70                USART6_IRQHandler
                0x08001c70                USART3_IRQHandler
                0x08001c70                CAN1_RX1_IRQHandler
                0x08001c70                UART5_IRQHandler
                0x08001c70                DMA2_Stream0_IRQHandler
                0x08001c70                TIM4_IRQHandler
                0x08001c70                QUADSPI_IRQHandler
                0x08001c70                I2C1_EV_IRQHandler
                0x08001c70                DMA1_Stream6_IRQHandler
                0x08001c70                DMA1_Stream1_IRQHandler
                0x08001c70                UART4_IRQHandler
                0x08001c70                TIM3_IRQHandler
                0x08001c70                RCC_IRQHandler
                0x08001c70                TIM8_BRK_TIM12_IRQHandler
                0x08001c70                Default_Handler
                0x08001c70                CEC_IRQHandler
                0x08001c70                EXTI15_10_IRQHandler
                0x08001c70                ADC_IRQHandler
                0x08001c70                DMA1_Stream7_IRQHandler
                0x08001c70                TIM7_IRQHandler
                0x08001c70                CAN2_TX_IRQHandler
                0x08001c70                TIM5_IRQHandler
                0x08001c70                DMA2_Stream7_IRQHandler
                0x08001c70                I2C3_EV_IRQHandler
                0x08001c70                EXTI9_5_IRQHandler
                0x08001c70                RTC_WKUP_IRQHandler
                0x08001c70                SPDIF_RX_IRQHandler
                0x08001c70                SPI2_IRQHandler
                0x08001c70                OTG_HS_EP1_IN_IRQHandler
                0x08001c70                DMA1_Stream0_IRQHandler
                0x08001c70                CAN1_TX_IRQHandler
                0x08001c70                EXTI4_IRQHandler
                0x08001c70                OTG_HS_EP1_OUT_IRQHandler
                0x08001c70                WWDG_IRQHandler
                0x08001c70                TIM2_IRQHandler
                0x08001c70                OTG_FS_WKUP_IRQHandler
                0x08001c70                TIM1_TRG_COM_TIM11_IRQHandler
                0x08001c70                OTG_HS_IRQHandler
                0x08001c70                EXTI1_IRQHandler
                0x08001c70                USART2_IRQHandler
                0x08001c70                I2C2_ER_IRQHandler
                0x08001c70                DMA2_Stream1_IRQHandler
                0x08001c70                CAN1_SCE_IRQHandler
                0x08001c70                FLASH_IRQHandler
                0x08001c70                DMA2_Stream4_IRQHandler
                0x08001c70                USART1_IRQHandler
                0x08001c70                OTG_FS_IRQHandler
                0x08001c70                SPI3_IRQHandler
                0x08001c70                DMA1_Stream4_IRQHandler
                0x08001c70                I2C1_ER_IRQHandler
                0x08001c70                FMC_IRQHandler
                0x08001c70                DMA2_Stream6_IRQHandler
                0x08001c70                SAI1_IRQHandler
                0x08001c70                DMA1_Stream3_IRQHandler
                0x08001c70                FMPI2C1_Error_IRQHandler
 *fill*         0x08001c72        0x2 
 .text.__libc_init_array
                0x08001c74       0x48 d:/program files (x86)/truestudio for stm32 9.0.1/armtools/bin/../lib/gcc/arm-atollic-eabi/6.3.1/../../../../arm-atollic-eabi/lib/armv7e-m/fpu\libc_nano.a(lib_a-init.o)
                0x08001c74                __libc_init_array
 *(.glue_7)
 .glue_7        0x08001cbc        0x0 linker stubs
 *(.glue_7t)
 .glue_7t       0x08001cbc        0x0 linker stubs
 *(.eh_frame)
 .eh_frame      0x08001cbc        0x0 d:/program files (x86)/truestudio for stm32 9.0.1/armtools/bin/../lib/gcc/arm-atollic-eabi/6.3.1/armv7e-m/fpu/crtbegin.o
 *(.init)
 .init          0x08001cbc        0x4 d:/program files (x86)/truestudio for stm32 9.0.1/armtools/bin/../lib/gcc/arm-atollic-eabi/6.3.1/armv7e-m/fpu/crti.o
                0x08001cbc                _init
 .init          0x08001cc0        0x8 d:/program files (x86)/truestudio for stm32 9.0.1/armtools/bin/../lib/gcc/arm-atollic-eabi/6.3.1/armv7e-m/fpu/crtn.o
 *(.fini)
 .fini          0x08001cc8        0x4 d:/program files (x86)/truestudio for stm32 9.0.1/armtools/bin/../lib/gcc/arm-atollic-eabi/6.3.1/armv7e-m/fpu/crti.o
                0x08001cc8                _fini
 .fini          0x08001ccc        0x8 d:/program files (x86)/truestudio for stm32 9.0.1/armtools/bin/../lib/gcc/arm-atollic-eabi/6.3.1/armv7e-m/fpu/crtn.o
                0x08001cd4                . = ALIGN (0x4)
                0x08001cd4                _etext = .

.vfp11_veneer   0x08001cd4        0x0
 .vfp11_veneer  0x08001cd4        0x0 linker stubs

.v4_bx          0x08001cd4        0x0
 .v4_bx         0x08001cd4        0x0 linker stubs

.iplt           0x08001cd4        0x0
 .iplt          0x08001cd4        0x0 d:/program files (x86)/truestudio for stm32 9.0.1/armtools/bin/../lib/gcc/arm-atollic-eabi/6.3.1/armv7e-m/fpu/crtbegin.o

.rodata         0x08001cd4       0x18
                0x08001cd4                . = ALIGN (0x4)
 *(.rodata)
 *(.rodata*)
 .rodata.AHBPrescTable
                0x08001cd4       0x10 Src\system_stm32f4xx.o
                0x08001cd4                AHBPrescTable
 .rodata.APBPrescTable
                0x08001ce4        0x8 Src\system_stm32f4xx.o
                0x08001ce4                APBPrescTable
                0x08001cec                . = ALIGN (0x4)

.ARM.extab
 *(.ARM.extab* .gnu.linkonce.armextab.*)

.ARM            0x08001cec        0x8
                0x08001cec                __exidx_start = .
 *(.ARM.exidx*)
 .ARM.exidx     0x08001cec        0x8 d:/program files (x86)/truestudio for stm32 9.0.1/armtools/bin/../lib/gcc/arm-atollic-eabi/6.3.1/armv7e-m/fpu\libgcc.a(_udivmoddi4.o)
                0x08001cf4                __exidx_end = .

.rel.dyn        0x08001cf4        0x0
 .rel.iplt      0x08001cf4        0x0 d:/program files (x86)/truestudio for stm32 9.0.1/armtools/bin/../lib/gcc/arm-atollic-eabi/6.3.1/armv7e-m/fpu/crtbegin.o

.preinit_array  0x08001cf4        0x0
                0x08001cf4                PROVIDE (__preinit_array_start, .)
 *(.preinit_array*)
                0x08001cf4                PROVIDE (__preinit_array_end, .)

.init_array     0x08001cf4        0x4
                0x08001cf4                PROVIDE (__init_array_start, .)
 *(SORT(.init_array.*))
 *(.init_array*)
 .init_array    0x08001cf4        0x4 d:/program files (x86)/truestudio for stm32 9.0.1/armtools/bin/../lib/gcc/arm-atollic-eabi/6.3.1/armv7e-m/fpu/crtbegin.o
                0x08001cf8                PROVIDE (__init_array_end, .)

.fini_array     0x08001cf8        0x4
                [!provide]                PROVIDE (__fini_array_start, .)
 *(SORT(.fini_array.*))
 *(.fini_array*)
 .fini_array    0x08001cf8        0x4 d:/program files (x86)/truestudio for stm32 9.0.1/armtools/bin/../lib/gcc/arm-atollic-eabi/6.3.1/armv7e-m/fpu/crtbegin.o
                [!provide]                PROVIDE (__fini_array_end, .)
                0x08001cfc                _sidata = LOADADDR (.data)

.data           0x20000000        0xc load address 0x08001cfc
                0x20000000                . = ALIGN (0x4)
                0x20000000                _sdata = .
 *(.data)
 *(.data*)
 .data.uwTickFreq
                0x20000000        0x1 Drivers\STM32F4xx_HAL_Driver\Src\stm32f4xx_hal.o
                0x20000000                uwTickFreq
 *fill*         0x20000001        0x3 
 .data.uwTickPrio
                0x20000004        0x4 Drivers\STM32F4xx_HAL_Driver\Src\stm32f4xx_hal.o
                0x20000004                uwTickPrio
 .data.SystemCoreClock
                0x20000008        0x4 Src\system_stm32f4xx.o
                0x20000008                SystemCoreClock
                0x2000000c                . = ALIGN (0x4)
                0x2000000c                _edata = .

.igot.plt       0x2000000c        0x0 load address 0x08001d08
 .igot.plt      0x2000000c        0x0 d:/program files (x86)/truestudio for stm32 9.0.1/armtools/bin/../lib/gcc/arm-atollic-eabi/6.3.1/armv7e-m/fpu/crtbegin.o
                0x2000000c                . = ALIGN (0x4)

.bss            0x2000000c      0x1cc load address 0x08001d08
                0x2000000c                _sbss = .
                0x2000000c                __bss_start__ = _sbss
 *(.bss)
 .bss           0x2000000c       0x1c d:/program files (x86)/truestudio for stm32 9.0.1/armtools/bin/../lib/gcc/arm-atollic-eabi/6.3.1/armv7e-m/fpu/crtbegin.o
 *(.bss*)
 *(COMMON)
 COMMON         0x20000028        0x4 Drivers\STM32F4xx_HAL_Driver\Src\stm32f4xx_hal.o
                0x20000028                uwTick
 COMMON         0x2000002c      0x1ac Src\main.o
                0x2000002c                htim4
                0x20000068                sMasterConfig
                0x20000070                htim3
                0x200000ac                sConfigOC
                0x200000c8                htim1
                0x20000104                hspi1
                0x2000015c                htim2
                0x20000198                huart2
                0x200001d8                . = ALIGN (0x4)
                0x200001d8                _ebss = .
                0x200001d8                __bss_end__ = _ebss

._user_heap_stack
                0x200001d8      0x600 load address 0x08001d08
                0x200001d8                . = ALIGN (0x4)
                [!provide]                PROVIDE (end, .)
                [!provide]                PROVIDE (_end, .)
                0x200003d8                . = (. + _Min_Heap_Size)
 *fill*         0x200001d8      0x200 
                0x200007d8                . = (. + _Min_Stack_Size)
 *fill*         0x200003d8      0x400 
                0x200007d8                . = ALIGN (0x4)

/DISCARD/
 libc.a(*)
 libm.a(*)
 libgcc.a(*)

.ARM.attributes
                0x00000000       0x30
 *(.ARM.attributes)
 .ARM.attributes
                0x00000000       0x22 d:/program files (x86)/truestudio for stm32 9.0.1/armtools/bin/../lib/gcc/arm-atollic-eabi/6.3.1/armv7e-m/fpu/crti.o
 .ARM.attributes
                0x00000022       0x34 d:/program files (x86)/truestudio for stm32 9.0.1/armtools/bin/../lib/gcc/arm-atollic-eabi/6.3.1/armv7e-m/fpu/crtbegin.o
 .ARM.attributes
                0x00000056       0x39 Drivers\STM32F4xx_HAL_Driver\Src\stm32f4xx_hal.o
 .ARM.attributes
                0x0000008f       0x39 Drivers\STM32F4xx_HAL_Driver\Src\stm32f4xx_hal_cortex.o
 .ARM.attributes
                0x000000c8       0x39 Drivers\STM32F4xx_HAL_Driver\Src\stm32f4xx_hal_gpio.o
 .ARM.attributes
                0x00000101       0x39 Drivers\STM32F4xx_HAL_Driver\Src\stm32f4xx_hal_rcc.o
 .ARM.attributes
                0x0000013a       0x39 Drivers\STM32F4xx_HAL_Driver\Src\stm32f4xx_hal_rcc_ex.o
 .ARM.attributes
                0x00000173       0x39 Drivers\STM32F4xx_HAL_Driver\Src\stm32f4xx_hal_spi.o
 .ARM.attributes
                0x000001ac       0x39 Drivers\STM32F4xx_HAL_Driver\Src\stm32f4xx_hal_tim.o
 .ARM.attributes
                0x000001e5       0x39 Drivers\STM32F4xx_HAL_Driver\Src\stm32f4xx_hal_tim_ex.o
 .ARM.attributes
                0x0000021e       0x39 Drivers\STM32F4xx_HAL_Driver\Src\stm32f4xx_hal_uart.o
 .ARM.attributes
                0x00000257       0x39 Src\main.o
 .ARM.attributes
                0x00000290       0x39 Src\stm32f4xx_hal_msp.o
 .ARM.attributes
                0x000002c9       0x39 Src\stm32f4xx_it.o
 .ARM.attributes
                0x00000302       0x39 Src\system_stm32f4xx.o
 .ARM.attributes
                0x0000033b       0x21 startup\startup_stm32f446xx.o
 .ARM.attributes
                0x0000035c       0x34 d:/program files (x86)/truestudio for stm32 9.0.1/armtools/bin/../lib/gcc/arm-atollic-eabi/6.3.1/../../../../arm-atollic-eabi/lib/armv7e-m/fpu\libc_nano.a(lib_a-init.o)
 .ARM.attributes
                0x00000390       0x22 d:/program files (x86)/truestudio for stm32 9.0.1/armtools/bin/../lib/gcc/arm-atollic-eabi/6.3.1/armv7e-m/fpu\libgcc.a(_aeabi_uldivmod.o)
 .ARM.attributes
                0x000003b2       0x34 d:/program files (x86)/truestudio for stm32 9.0.1/armtools/bin/../lib/gcc/arm-atollic-eabi/6.3.1/armv7e-m/fpu\libgcc.a(_udivmoddi4.o)
 .ARM.attributes
                0x000003e6       0x22 d:/program files (x86)/truestudio for stm32 9.0.1/armtools/bin/../lib/gcc/arm-atollic-eabi/6.3.1/armv7e-m/fpu\libgcc.a(_dvmd_tls.o)
 .ARM.attributes
                0x00000408       0x22 d:/program files (x86)/truestudio for stm32 9.0.1/armtools/bin/../lib/gcc/arm-atollic-eabi/6.3.1/armv7e-m/fpu/crtn.o
OUTPUT(4leg-Prot.elf elf32-littlearm)

.debug_info     0x00000000    0x14e47
 .debug_info    0x00000000     0x123e Drivers\STM32F4xx_HAL_Driver\Src\stm32f4xx_hal.o
 .debug_info    0x0000123e     0x1762 Drivers\STM32F4xx_HAL_Driver\Src\stm32f4xx_hal_cortex.o
 .debug_info    0x000029a0      0xfd6 Drivers\STM32F4xx_HAL_Driver\Src\stm32f4xx_hal_gpio.o
 .debug_info    0x00003976     0x12a9 Drivers\STM32F4xx_HAL_Driver\Src\stm32f4xx_hal_rcc.o
 .debug_info    0x00004c1f     0x13fa Drivers\STM32F4xx_HAL_Driver\Src\stm32f4xx_hal_rcc_ex.o
 .debug_info    0x00006019     0x23d2 Drivers\STM32F4xx_HAL_Driver\Src\stm32f4xx_hal_spi.o
 .debug_info    0x000083eb     0x3ba2 Drivers\STM32F4xx_HAL_Driver\Src\stm32f4xx_hal_tim.o
 .debug_info    0x0000bf8d     0x19a5 Drivers\STM32F4xx_HAL_Driver\Src\stm32f4xx_hal_tim_ex.o
 .debug_info    0x0000d932     0x1ea3 Drivers\STM32F4xx_HAL_Driver\Src\stm32f4xx_hal_uart.o
 .debug_info    0x0000f7d5     0x23a9 Src\main.o
 .debug_info    0x00011b7e     0x1b37 Src\stm32f4xx_hal_msp.o
 .debug_info    0x000136b5      0x9de Src\stm32f4xx_it.o
 .debug_info    0x00014093      0xd50 Src\system_stm32f4xx.o
 .debug_info    0x00014de3       0x64 startup\startup_stm32f446xx.o

.debug_abbrev   0x00000000     0x267c
 .debug_abbrev  0x00000000      0x308 Drivers\STM32F4xx_HAL_Driver\Src\stm32f4xx_hal.o
 .debug_abbrev  0x00000308      0x399 Drivers\STM32F4xx_HAL_Driver\Src\stm32f4xx_hal_cortex.o
 .debug_abbrev  0x000006a1      0x268 Drivers\STM32F4xx_HAL_Driver\Src\stm32f4xx_hal_gpio.o
 .debug_abbrev  0x00000909      0x353 Drivers\STM32F4xx_HAL_Driver\Src\stm32f4xx_hal_rcc.o
 .debug_abbrev  0x00000c5c      0x295 Drivers\STM32F4xx_HAL_Driver\Src\stm32f4xx_hal_rcc_ex.o
 .debug_abbrev  0x00000ef1      0x3ac Drivers\STM32F4xx_HAL_Driver\Src\stm32f4xx_hal_spi.o
 .debug_abbrev  0x0000129d      0x3ac Drivers\STM32F4xx_HAL_Driver\Src\stm32f4xx_hal_tim.o
 .debug_abbrev  0x00001649      0x300 Drivers\STM32F4xx_HAL_Driver\Src\stm32f4xx_hal_tim_ex.o
 .debug_abbrev  0x00001949      0x397 Drivers\STM32F4xx_HAL_Driver\Src\stm32f4xx_hal_uart.o
 .debug_abbrev  0x00001ce0      0x31c Src\main.o
 .debug_abbrev  0x00001ffc      0x2a7 Src\stm32f4xx_hal_msp.o
 .debug_abbrev  0x000022a3      0x1fd Src\stm32f4xx_it.o
 .debug_abbrev  0x000024a0      0x1ca Src\system_stm32f4xx.o
 .debug_abbrev  0x0000266a       0x12 startup\startup_stm32f446xx.o

.debug_loc      0x00000000     0x7aad
 .debug_loc     0x00000000      0x11b Drivers\STM32F4xx_HAL_Driver\Src\stm32f4xx_hal.o
 .debug_loc     0x0000011b      0x4fb Drivers\STM32F4xx_HAL_Driver\Src\stm32f4xx_hal_cortex.o
 .debug_loc     0x00000616      0x3cd Drivers\STM32F4xx_HAL_Driver\Src\stm32f4xx_hal_gpio.o
 .debug_loc     0x000009e3      0x336 Drivers\STM32F4xx_HAL_Driver\Src\stm32f4xx_hal_rcc.o
 .debug_loc     0x00000d19      0xa31 Drivers\STM32F4xx_HAL_Driver\Src\stm32f4xx_hal_rcc_ex.o
 .debug_loc     0x0000174a     0x150f Drivers\STM32F4xx_HAL_Driver\Src\stm32f4xx_hal_spi.o
 .debug_loc     0x00002c59     0x30b2 Drivers\STM32F4xx_HAL_Driver\Src\stm32f4xx_hal_tim.o
 .debug_loc     0x00005d0b      0x84a Drivers\STM32F4xx_HAL_Driver\Src\stm32f4xx_hal_tim_ex.o
 .debug_loc     0x00006555     0x132c Drivers\STM32F4xx_HAL_Driver\Src\stm32f4xx_hal_uart.o
 .debug_loc     0x00007881       0x18 Src\main.o
 .debug_loc     0x00007899       0xf8 Src\stm32f4xx_hal_msp.o
 .debug_loc     0x00007991      0x11c Src\system_stm32f4xx.o

.debug_aranges  0x00000000      0xa28
 .debug_aranges
                0x00000000       0xd8 Drivers\STM32F4xx_HAL_Driver\Src\stm32f4xx_hal.o
 .debug_aranges
                0x000000d8       0xa8 Drivers\STM32F4xx_HAL_Driver\Src\stm32f4xx_hal_cortex.o
 .debug_aranges
                0x00000180       0x58 Drivers\STM32F4xx_HAL_Driver\Src\stm32f4xx_hal_gpio.o
 .debug_aranges
                0x000001d8       0x88 Drivers\STM32F4xx_HAL_Driver\Src\stm32f4xx_hal_rcc.o
 .debug_aranges
                0x00000260       0x78 Drivers\STM32F4xx_HAL_Driver\Src\stm32f4xx_hal_rcc_ex.o
 .debug_aranges
                0x000002d8      0x180 Drivers\STM32F4xx_HAL_Driver\Src\stm32f4xx_hal_spi.o
 .debug_aranges
                0x00000458      0x250 Drivers\STM32F4xx_HAL_Driver\Src\stm32f4xx_hal_tim.o
 .debug_aranges
                0x000006a8       0xf0 Drivers\STM32F4xx_HAL_Driver\Src\stm32f4xx_hal_tim_ex.o
 .debug_aranges
                0x00000798      0x170 Drivers\STM32F4xx_HAL_Driver\Src\stm32f4xx_hal_uart.o
 .debug_aranges
                0x00000908       0x30 Src\main.o
 .debug_aranges
                0x00000938       0x58 Src\stm32f4xx_hal_msp.o
 .debug_aranges
                0x00000990       0x48 Src\stm32f4xx_it.o
 .debug_aranges
                0x000009d8       0x28 Src\system_stm32f4xx.o
 .debug_aranges
                0x00000a00       0x28 startup\startup_stm32f446xx.o

.debug_ranges   0x00000000      0xd38
 .debug_ranges  0x00000000       0xc8 Drivers\STM32F4xx_HAL_Driver\Src\stm32f4xx_hal.o
 .debug_ranges  0x000000c8      0x138 Drivers\STM32F4xx_HAL_Driver\Src\stm32f4xx_hal_cortex.o
 .debug_ranges  0x00000200       0x68 Drivers\STM32F4xx_HAL_Driver\Src\stm32f4xx_hal_gpio.o
 .debug_ranges  0x00000268       0xb0 Drivers\STM32F4xx_HAL_Driver\Src\stm32f4xx_hal_rcc.o
 .debug_ranges  0x00000318       0x80 Drivers\STM32F4xx_HAL_Driver\Src\stm32f4xx_hal_rcc_ex.o
 .debug_ranges  0x00000398      0x1d0 Drivers\STM32F4xx_HAL_Driver\Src\stm32f4xx_hal_spi.o
 .debug_ranges  0x00000568      0x330 Drivers\STM32F4xx_HAL_Driver\Src\stm32f4xx_hal_tim.o
 .debug_ranges  0x00000898       0xe0 Drivers\STM32F4xx_HAL_Driver\Src\stm32f4xx_hal_tim_ex.o
 .debug_ranges  0x00000978      0x178 Drivers\STM32F4xx_HAL_Driver\Src\stm32f4xx_hal_uart.o
 .debug_ranges  0x00000af0      0x140 Src\main.o
 .debug_ranges  0x00000c30       0x98 Src\stm32f4xx_hal_msp.o
 .debug_ranges  0x00000cc8       0x38 Src\stm32f4xx_it.o
 .debug_ranges  0x00000d00       0x18 Src\system_stm32f4xx.o
 .debug_ranges  0x00000d18       0x20 startup\startup_stm32f446xx.o

.debug_line     0x00000000     0x5838
 .debug_line    0x00000000      0x47a Drivers\STM32F4xx_HAL_Driver\Src\stm32f4xx_hal.o
 .debug_line    0x0000047a      0x4c4 Drivers\STM32F4xx_HAL_Driver\Src\stm32f4xx_hal_cortex.o
 .debug_line    0x0000093e      0x45d Drivers\STM32F4xx_HAL_Driver\Src\stm32f4xx_hal_gpio.o
 .debug_line    0x00000d9b      0x573 Drivers\STM32F4xx_HAL_Driver\Src\stm32f4xx_hal_rcc.o
 .debug_line    0x0000130e      0x772 Drivers\STM32F4xx_HAL_Driver\Src\stm32f4xx_hal_rcc_ex.o
 .debug_line    0x00001a80      0xb9a Drivers\STM32F4xx_HAL_Driver\Src\stm32f4xx_hal_spi.o
 .debug_line    0x0000261a     0x1167 Drivers\STM32F4xx_HAL_Driver\Src\stm32f4xx_hal_tim.o
 .debug_line    0x00003781      0x6b3 Drivers\STM32F4xx_HAL_Driver\Src\stm32f4xx_hal_tim_ex.o
 .debug_line    0x00003e34      0xbd7 Drivers\STM32F4xx_HAL_Driver\Src\stm32f4xx_hal_uart.o
 .debug_line    0x00004a0b      0x48d Src\main.o
 .debug_line    0x00004e98      0x40b Src\stm32f4xx_hal_msp.o
 .debug_line    0x000052a3      0x2b9 Src\stm32f4xx_it.o
 .debug_line    0x0000555c      0x25d Src\system_stm32f4xx.o
 .debug_line    0x000057b9       0x7f startup\startup_stm32f446xx.o

.debug_str      0x00000000     0x408d
 .debug_str     0x00000000      0xf4c Drivers\STM32F4xx_HAL_Driver\Src\stm32f4xx_hal.o
                               0x100c (size before relaxing)
 .debug_str     0x00000f4c      0x3ca Drivers\STM32F4xx_HAL_Driver\Src\stm32f4xx_hal_cortex.o
                               0x10be (size before relaxing)
 .debug_str     0x00001316      0x1de Drivers\STM32F4xx_HAL_Driver\Src\stm32f4xx_hal_gpio.o
                                0x978 (size before relaxing)
 .debug_str     0x000014f4      0x2ee Drivers\STM32F4xx_HAL_Driver\Src\stm32f4xx_hal_rcc.o
                                0xb50 (size before relaxing)
 .debug_str     0x000017e2      0x347 Drivers\STM32F4xx_HAL_Driver\Src\stm32f4xx_hal_rcc_ex.o
                                0xc53 (size before relaxing)
 .debug_str     0x00001b29      0x8fd Drivers\STM32F4xx_HAL_Driver\Src\stm32f4xx_hal_spi.o
                                0xfdd (size before relaxing)
 .debug_str     0x00002426      0xef1 Drivers\STM32F4xx_HAL_Driver\Src\stm32f4xx_hal_tim.o
                               0x1818 (size before relaxing)
 .debug_str     0x00003317      0x50d Drivers\STM32F4xx_HAL_Driver\Src\stm32f4xx_hal_tim_ex.o
                               0x10d8 (size before relaxing)
 .debug_str     0x00003824      0x675 Drivers\STM32F4xx_HAL_Driver\Src\stm32f4xx_hal_uart.o
                               0x1055 (size before relaxing)
 .debug_str     0x00003e99       0xe5 Src\main.o
                               0x18d7 (size before relaxing)
 .debug_str     0x00003f7e       0x24 Src\stm32f4xx_hal_msp.o
                               0x1516 (size before relaxing)
 .debug_str     0x00003fa2       0xa6 Src\stm32f4xx_it.o
                                0x6da (size before relaxing)
 .debug_str     0x00004048       0x45 Src\system_stm32f4xx.o
                                0x7dc (size before relaxing)

.comment        0x00000000       0x7c
 .comment       0x00000000       0x7c Drivers\STM32F4xx_HAL_Driver\Src\stm32f4xx_hal.o
                                 0x7d (size before relaxing)
 .comment       0x0000007c       0x7d Drivers\STM32F4xx_HAL_Driver\Src\stm32f4xx_hal_cortex.o
 .comment       0x0000007c       0x7d Drivers\STM32F4xx_HAL_Driver\Src\stm32f4xx_hal_gpio.o
 .comment       0x0000007c       0x7d Drivers\STM32F4xx_HAL_Driver\Src\stm32f4xx_hal_rcc.o
 .comment       0x0000007c       0x7d Drivers\STM32F4xx_HAL_Driver\Src\stm32f4xx_hal_rcc_ex.o
 .comment       0x0000007c       0x7d Drivers\STM32F4xx_HAL_Driver\Src\stm32f4xx_hal_spi.o
 .comment       0x0000007c       0x7d Drivers\STM32F4xx_HAL_Driver\Src\stm32f4xx_hal_tim.o
 .comment       0x0000007c       0x7d Drivers\STM32F4xx_HAL_Driver\Src\stm32f4xx_hal_tim_ex.o
 .comment       0x0000007c       0x7d Drivers\STM32F4xx_HAL_Driver\Src\stm32f4xx_hal_uart.o
 .comment       0x0000007c       0x7d Src\main.o
 .comment       0x0000007c       0x7d Src\stm32f4xx_hal_msp.o
 .comment       0x0000007c       0x7d Src\stm32f4xx_it.o
 .comment       0x0000007c       0x7d Src\system_stm32f4xx.o

.debug_frame    0x00000000     0x1eb4
 .debug_frame   0x00000000      0x1d0 Drivers\STM32F4xx_HAL_Driver\Src\stm32f4xx_hal.o
 .debug_frame   0x000001d0      0x158 Drivers\STM32F4xx_HAL_Driver\Src\stm32f4xx_hal_cortex.o
 .debug_frame   0x00000328       0xd8 Drivers\STM32F4xx_HAL_Driver\Src\stm32f4xx_hal_gpio.o
 .debug_frame   0x00000400      0x13c Drivers\STM32F4xx_HAL_Driver\Src\stm32f4xx_hal_rcc.o
 .debug_frame   0x0000053c      0x150 Drivers\STM32F4xx_HAL_Driver\Src\stm32f4xx_hal_rcc_ex.o
 .debug_frame   0x0000068c      0x560 Drivers\STM32F4xx_HAL_Driver\Src\stm32f4xx_hal_spi.o
 .debug_frame   0x00000bec      0x854 Drivers\STM32F4xx_HAL_Driver\Src\stm32f4xx_hal_tim.o
 .debug_frame   0x00001440      0x330 Drivers\STM32F4xx_HAL_Driver\Src\stm32f4xx_hal_tim_ex.o
 .debug_frame   0x00001770      0x4a0 Drivers\STM32F4xx_HAL_Driver\Src\stm32f4xx_hal_uart.o
 .debug_frame   0x00001c10       0x68 Src\main.o
 .debug_frame   0x00001c78       0xcc Src\stm32f4xx_hal_msp.o
 .debug_frame   0x00001d44       0xac Src\stm32f4xx_it.o
 .debug_frame   0x00001df0       0x38 Src\system_stm32f4xx.o
 .debug_frame   0x00001e28       0x2c d:/program files (x86)/truestudio for stm32 9.0.1/armtools/bin/../lib/gcc/arm-atollic-eabi/6.3.1/../../../../arm-atollic-eabi/lib/armv7e-m/fpu\libc_nano.a(lib_a-init.o)
 .debug_frame   0x00001e54       0x2c d:/program files (x86)/truestudio for stm32 9.0.1/armtools/bin/../lib/gcc/arm-atollic-eabi/6.3.1/armv7e-m/fpu\libgcc.a(_aeabi_uldivmod.o)
 .debug_frame   0x00001e80       0x34 d:/program files (x86)/truestudio for stm32 9.0.1/armtools/bin/../lib/gcc/arm-atollic-eabi/6.3.1/armv7e-m/fpu\libgcc.a(_udivmoddi4.o)
